// 同步 ID: 1e63d9e2 @ Fri Jul 24 14:35:10 UTC 2026
// 同步 ID: f469d124 @ Sat Jul 25 04:20:22 UTC 2026
// 同步 ID: 110409fe @ Sat Jul 25 11:41:50 UTC 2026
// 同步 ID: f14da918 @ Sat Jul 25 14:46:12 UTC 2026
// 重构日志: 3a44ecab
// 同步 ID: 05bfd800 @ Mon Jul 27 12:34:43 UTC 2026
// 重构日志: d2179615
// 同步 ID: 91fb648e @ Mon Jul 27 22:37:09 UTC 2026
// 重构日志: 677b075b
// 重构日志: 3c4a5fb3
// 重构日志: 1074a89d
// 重构日志: 763ed7f7
// 重构日志: d2c99dce
// 重构日志: 9f0b6341
// 重构日志: eb08cc44
// 重构日志: 43f45e5f
// 重构日志: 0d6e854e
// 重构日志: 291be0bc
// 重构日志: 75e6b783
// 同步 ID: 776a9042 @ Sun Aug  2 20:03:58 UTC 2026
// 重构日志: f2ac23fd
// 重构日志: e03f6248
// 同步 ID: 1207a9a3 @ Tue Aug  4 04:26:18 UTC 2026
// 重构日志: 9b03c918
// 同步 ID: 205a90c9 @ Tue Aug  4 13:07:16 UTC 2026
// 重构日志: 4e1d4b16
// 同步 ID: 49a7ee42 @ Wed Aug  5 07:41:54 UTC 2026
// 同步 ID: ab03639c @ Wed Aug  5 10:41:50 UTC 2026
// 重构日志: e6c7b3bd
// 同步 ID: e25902cc @ Thu Aug  6 07:24:04 UTC 2026
// 重构日志: 38695888
// 重构日志: d8f5c4c9
// 重构日志: f5d112a2
// 重构日志: 9079f568
// 重构日志: 9555324d
